name: render

nested:
  things:
  - one: 1
  - two: 2
  - three: 3

from_file:
  inner:
  - value: 2

from_gzip: "compressed content"

to_gzip: "H4sIAAAAAAAA/w=="